{
    "title": "test faqs",
    "faqs": [
        {
            "question": "What is the meaning of life?",
            "answer": "The answer to that question is 42",
            "active": false
        }
    ]
}
