{
    "title": "test",
    "faqs": [
        {
            "question": "Will this test question be hidden?",
            "answer": "No this test question should not be hidden.",
            "active": false
        }
    ]
}
